======================================================================
ATUALIZACAO DE RESULTADOS
======================================================================
API Status: 11/100 requests hoje

Jogos pendentes de resultado: 12
Datas a consultar: ['2026-02-11']


--- 2026-02-11 (12 jogos) ---
Resultados na API: 276
  ❌ Aldershot Town FC vs Southend United FC - NAO ENCONTRADO
  ❌ Dundee United FC vs Aberdeen - NAO ENCONTRADO
  ❌ CA Mineiro (MG) vs CD Remo (PA) - NAO ENCONTRADO
  ❌ NK Međimurje vs Mladost Zdralovi - NAO ENCONTRADO
  ❌ CD Alcoyano vs FK Liepaja - NAO ENCONTRADO
  ❌ ASK Kohfidisch vs Ilzer SV - NAO ENCONTRADO
  ❌ Favoritner AC vs SV Wienerberg - NAO ENCONTRADO
  ❌ FC Black Stars Basel vs FC Basel II - NAO ENCONTRADO
  ❌ SC Wiener Viktoria vs LAC Inter - NAO ENCONTRADO
  ❌ FK Panevezys vs FK Transinvest - NAO ENCONTRADO
  ❌ BKS Sparta Katowice vs FK Petrvald na Morave - NAO ENCONTRADO
  ❌ CSD Colo Colo vs Union Espanola - NAO ENCONTRADO

======================================================================
RESUMO
======================================================================
Atualizados: 0
Nao encontrados: 12
======================================================================
ATUALIZACAO DE RESULTADOS
======================================================================
API Status: 11/100 requests hoje

Jogos pendentes de resultado: 6
Datas a consultar: ['2026-02-12']


--- 2026-02-12 (6 jogos) ---
Resultados na API: 100
  ❌ Brentford vs Arsenal - NAO ENCONTRADO
  ❌ CA Paranaense (PR) vs Santos FC (SP) - NAO ENCONTRADO
  ❌ SC Corinthians (SP) vs CA Bragantino (SP) - NAO ENCONTRADO
  ❌ Fluminense FC (RJ) vs Botafogo FR (RJ) - NAO ENCONTRADO
  ✅ AGF Aarhus vs FC Midtjylland
     -> 0 - 1
  ❌ FC Den Bosch vs FC Eindhoven - NAO ENCONTRADO

======================================================================
RESUMO
======================================================================
Atualizados: 1
Nao encontrados: 5
